// Jest Snapshot v1, https://goo.gl/fbAQLP

exports[`The ActionBarFeatureConnected component should render 1`] = `
Array [
  <View
    style={
      Object {
        "flexDirection": "row",
        "justifyContent": "center",
        "paddingHorizontal": 16,
        "paddingVertical": 0,
      }
    }
    vertical={false}
  >
    <Text
      style={
        Object {
          "color": "#303030",
          "fontFamily": "InterUI-Bold",
          "fontSize": 16,
          "lineHeight": 24,
        }
      }
    >
      Some cool list
    </Text>
  </View>,
  <View
    style={
      Object {
        "backgroundColor": "#FFFFFF",
        "borderRadius": 16,
        "marginHorizontal": 16,
        "marginVertical": 12,
        "shadowColor": "rgba(0, 0, 0, 0.09999999999999998)",
        "shadowOffset": Object {
          "height": 2,
          "width": 0,
        },
        "shadowOpacity": 1,
        "shadowRadius": 8,
      }
    }
  >
    <View
      style={
        Object {
          "borderRadius": 16,
          "overflow": "hidden",
        }
      }
    >
      <View
        style={
          Object {
            "flexDirection": "row",
            "justifyContent": "space-around",
          }
        }
      >
        <View
          accessible={true}
          clickable={true}
          isTVSelectable={true}
          onClick={[Function]}
          onResponderGrant={[Function]}
          onResponderMove={[Function]}
          onResponderRelease={[Function]}
          onResponderTerminate={[Function]}
          onResponderTerminationRequest={[Function]}
          onStartShouldSetResponder={[Function]}
          style={
            Object {
              "opacity": 1,
            }
          }
        >
          <View
            style={
              Object {
                "alignItems": "center",
                "justifyContent": "center",
                "padding": 16,
              }
            }
          >
            <RNSVGSvgView
              align="xMidYMid"
              bbHeight={24}
              bbWidth={24}
              height={24}
              meetOrSlice={0}
              minX={0}
              minY={0}
              style={
                Array [
                  Object {
                    "backgroundColor": "transparent",
                    "borderWidth": 0,
                  },
                  undefined,
                  null,
                  Object {
                    "flex": 0,
                    "height": 24,
                    "width": 24,
                  },
                ]
              }
              vbHeight={24}
              vbWidth={24}
              width={24}
            >
              <RNSVGGroup
                fill={
                  Array [
                    0,
                    4278190080,
                  ]
                }
                fillOpacity={1}
                fillRule={1}
                font={Object {}}
                matrix={
                  Array [
                    1,
                    0,
                    0,
                    1,
                    0,
                    0,
                  ]
                }
                opacity={1}
                originX={0}
                originY={0}
                propList={Array []}
                rotation={0}
                scaleX={1}
                scaleY={1}
                skewX={0}
                skewY={0}
                stroke={null}
                strokeDasharray={null}
                strokeDashoffset={null}
                strokeLinecap={0}
                strokeLinejoin={0}
                strokeMiterlimit={4}
                strokeOpacity={1}
                strokeWidth={1}
                vectorEffect={0}
                x={0}
                y={0}
              >
                <RNSVGPath
                  d="M19.18 6.32l-9.9 9.65-4.46-4.3c-.22-.23-.48-.33-.76-.33-.3 0-.54.1-.76.32-.2.2-.3.43-.3.7 0 .3.1.54.3.73l5.25 5.03c.2.22.44.32.74.32s.53-.1.72-.32l.14-.13L20.7 7.77c.2-.2.3-.43.3-.72 0-.3-.1-.53-.3-.72-.22-.2-.47-.32-.76-.32-.28 0-.54.1-.76.33z"
                  fill={
                    Array [
                      0,
                      4278216557,
                    ]
                  }
                  fillOpacity={1}
                  fillRule={1}
                  matrix={
                    Array [
                      1,
                      0,
                      0,
                      1,
                      0,
                      0,
                    ]
                  }
                  opacity={1}
                  originX={0}
                  originY={0}
                  propList={
                    Array [
                      "fill",
                    ]
                  }
                  rotation={0}
                  scaleX={1}
                  scaleY={1}
                  skewX={0}
                  skewY={0}
                  stroke={null}
                  strokeDasharray={null}
                  strokeDashoffset={null}
                  strokeLinecap={0}
                  strokeLinejoin={0}
                  strokeMiterlimit={4}
                  strokeOpacity={1}
                  strokeWidth={1}
                  vectorEffect={0}
                  x={0}
                  y={0}
                />
              </RNSVGGroup>
            </RNSVGSvgView>
            <Text
              style={
                Object {
                  "color": "#00676D",
                  "fontFamily": "System",
                  "fontSize": 14,
                  "fontStyle": null,
                  "fontWeight": null,
                  "lineHeight": 21,
                }
              }
            >
              Boom
            </Text>
          </View>
        </View>
      </View>
    </View>
  </View>,
]
`;

exports[`The ActionBarFeatureConnected component should render a loading state when isLoading 1`] = `
<View
  style={
    Object {
      "backgroundColor": "#FFFFFF",
      "borderRadius": 16,
      "marginHorizontal": 16,
      "marginVertical": 12,
      "shadowColor": "rgba(0, 0, 0, 0.09999999999999998)",
      "shadowOffset": Object {
        "height": 2,
        "width": 0,
      },
      "shadowOpacity": 1,
      "shadowRadius": 8,
    }
  }
>
  <View
    style={
      Object {
        "borderRadius": 16,
        "overflow": "hidden",
      }
    }
  >
    <View
      style={
        Object {
          "flexDirection": "row",
          "justifyContent": "space-around",
        }
      }
    />
  </View>
</View>
`;
