// Jest Snapshot v1, https://goo.gl/fbAQLP

exports[`The CommentListFeatureConnected component should render 1`] = `
<View
  accessible={true}
  focusable={true}
  onClick={[Function]}
  onResponderGrant={[Function]}
  onResponderMove={[Function]}
  onResponderRelease={[Function]}
  onResponderTerminate={[Function]}
  onResponderTerminationRequest={[Function]}
  onStartShouldSetResponder={[Function]}
  style={
    Object {
      "opacity": 1,
    }
  }
>
  <View
    style={
      Object {
        "alignItems": "center",
        "borderBottomWidth": 0.5,
        "borderColor": "rgba(0, 0, 0, 0.1)",
        "borderTopWidth": 0.5,
        "flexDirection": "row",
        "padding": 16,
      }
    }
  >
    <View
      style={
        Object {
          "alignItems": "center",
          "height": 48,
          "justifyContent": "center",
          "width": 48,
        }
      }
      themeSize={48}
    >
      <RNSVGSvgView
        align="xMidYMid"
        bbHeight={52.5}
        bbWidth={52.5}
        height={52.5}
        meetOrSlice={0}
        minX={0}
        minY={0}
        style={
          Array [
            Object {
              "backgroundColor": "transparent",
              "borderWidth": 0,
            },
            undefined,
            null,
            Object {
              "flex": 0,
              "height": 52,
              "width": 52,
            },
          ]
        }
        themeSize={48}
        vbHeight={24}
        vbWidth={24}
        width={52.5}
      >
        <RNSVGGroup
          fill={
            Array [
              0,
              4278190080,
            ]
          }
          fillOpacity={1}
          fillRule={1}
          font={Object {}}
          matrix={
            Array [
              1,
              0,
              0,
              1,
              0,
              0,
            ]
          }
          opacity={1}
          originX={0}
          originY={0}
          propList={Array []}
          rotation={0}
          scaleX={1}
          scaleY={1}
          skewX={0}
          skewY={0}
          stroke={null}
          strokeDasharray={null}
          strokeDashoffset={null}
          strokeLinecap={0}
          strokeLinejoin={0}
          strokeMiterlimit={4}
          strokeOpacity={1}
          strokeWidth={1}
          vectorEffect={0}
          x={0}
          y={0}
        >
          <RNSVGPath
            d="M12 2C6.5 2 2 6.5 2 12s4.5 10 10 10 10-4.5 10-10S17.5 2 12 2zm-3.33 8.33C8.67 8.5 10.2 7 12 7s3.33 1.5 3.33 3.33v.84c0 1.84-1.53 3.33-3.33 3.33S8.67 13 8.67 11.17v-.84zm3.33 10c-2.03 0-3.9-.73-5.33-1.93.7-1.32 2.07-2.23 3.66-2.23h3.34c1.6 0 2.97.9 3.66 2.22-1.44 1.2-3.3 1.92-5.33 1.92z"
            fill={
              Array [
                0,
                4289045925,
              ]
            }
            fillOpacity={1}
            fillRule={1}
            matrix={
              Array [
                1,
                0,
                0,
                1,
                0,
                0,
              ]
            }
            opacity={1}
            originX={0}
            originY={0}
            propList={
              Array [
                "fill",
              ]
            }
            rotation={0}
            scaleX={1}
            scaleY={1}
            skewX={0}
            skewY={0}
            stroke={null}
            strokeDasharray={null}
            strokeDashoffset={null}
            strokeLinecap={0}
            strokeLinejoin={0}
            strokeMiterlimit={4}
            strokeOpacity={1}
            strokeWidth={1}
            vectorEffect={0}
            x={0}
            y={0}
          />
        </RNSVGGroup>
      </RNSVGSvgView>
      <View
        style={
          Object {
            "bottom": 0,
            "position": "absolute",
            "right": 0,
          }
        }
      >
        <View
          accessible={true}
          focusable={false}
          onClick={[Function]}
          onResponderGrant={[Function]}
          onResponderMove={[Function]}
          onResponderRelease={[Function]}
          onResponderTerminate={[Function]}
          onResponderTerminationRequest={[Function]}
          onStartShouldSetResponder={[Function]}
          style={
            Object {
              "transform": Array [
                Object {
                  "scale": 1,
                },
              ],
            }
          }
        >
          <View
            borderRadius={24}
            iconPadding={4.8}
            style={
              Object {
                "backgroundColor": "#17B582",
                "padding": 4.8,
                "shadowColor": "rgba(0, 0, 0, 0.09999999999999998)",
                "shadowOffset": Object {
                  "height": 2,
                  "width": 0,
                },
                "shadowOpacity": 1,
                "shadowRadius": 8,
              }
            }
          >
            <RNSVGSvgView
              align="xMidYMid"
              bbHeight={12}
              bbWidth={12}
              fill="none"
              height={12}
              meetOrSlice={0}
              minX={0}
              minY={0}
              style={
                Array [
                  Object {
                    "backgroundColor": "transparent",
                    "borderWidth": 0,
                  },
                  undefined,
                  Object {
                    "opacity": 1,
                  },
                  Object {
                    "flex": 0,
                    "height": 12,
                    "width": 12,
                  },
                ]
              }
              vbHeight={10}
              vbWidth={10}
              width={12}
            >
              <RNSVGGroup
                fill={null}
                fillOpacity={1}
                fillRule={1}
                font={Object {}}
                matrix={
                  Array [
                    1,
                    0,
                    0,
                    1,
                    0,
                    0,
                  ]
                }
                opacity={1}
                originX={0}
                originY={0}
                propList={
                  Array [
                    "fill",
                  ]
                }
                rotation={0}
                scaleX={1}
                scaleY={1}
                skewX={0}
                skewY={0}
                stroke={null}
                strokeDasharray={null}
                strokeDashoffset={null}
                strokeLinecap={0}
                strokeLinejoin={0}
                strokeMiterlimit={4}
                strokeOpacity={1}
                strokeWidth={1}
                vectorEffect={0}
                x={0}
                y={0}
              >
                <RNSVGPath
                  d="M1.5625 5H8.4375"
                  fill={
                    Array [
                      0,
                      4278190080,
                    ]
                  }
                  fillOpacity={1}
                  fillRule={1}
                  matrix={
                    Array [
                      1,
                      0,
                      0,
                      1,
                      0,
                      0,
                    ]
                  }
                  opacity={1}
                  originX={0}
                  originY={0}
                  propList={
                    Array [
                      "stroke",
                      "strokeWidth",
                      "strokeLinecap",
                      "strokeLinejoin",
                    ]
                  }
                  rotation={0}
                  scaleX={1}
                  scaleY={1}
                  skewX={0}
                  skewY={0}
                  stroke={
                    Array [
                      0,
                      4294967295,
                    ]
                  }
                  strokeDasharray={null}
                  strokeDashoffset={null}
                  strokeLinecap={1}
                  strokeLinejoin={1}
                  strokeMiterlimit={4}
                  strokeOpacity={1}
                  strokeWidth="2"
                  vectorEffect={0}
                  x={0}
                  y={0}
                />
                <RNSVGPath
                  d="M5 1.5625V8.4375"
                  fill={
                    Array [
                      0,
                      4278190080,
                    ]
                  }
                  fillOpacity={1}
                  fillRule={1}
                  matrix={
                    Array [
                      1,
                      0,
                      0,
                      1,
                      0,
                      0,
                    ]
                  }
                  opacity={1}
                  originX={0}
                  originY={0}
                  propList={
                    Array [
                      "stroke",
                      "strokeWidth",
                      "strokeLinecap",
                      "strokeLinejoin",
                    ]
                  }
                  rotation={0}
                  scaleX={1}
                  scaleY={1}
                  skewX={0}
                  skewY={0}
                  stroke={
                    Array [
                      0,
                      4294967295,
                    ]
                  }
                  strokeDasharray={null}
                  strokeDashoffset={null}
                  strokeLinecap={1}
                  strokeLinejoin={1}
                  strokeMiterlimit={4}
                  strokeOpacity={1}
                  strokeWidth="2"
                  vectorEffect={0}
                  x={0}
                  y={0}
                />
              </RNSVGGroup>
            </RNSVGSvgView>
          </View>
        </View>
      </View>
    </View>
    <Text
      style={
        Object {
          "color": "#303030",
          "fontFamily": "InterUI-Medium",
          "fontSize": 14,
          "lineHeight": 21,
          "padding": 8,
        }
      }
    >
      A great initial prompt
    </Text>
  </View>
</View>
`;
