// Jest Snapshot v1, https://goo.gl/fbAQLP

exports[`NodeFeaturesConnected should render 1`] = `
<RCTScrollView
  data={
    Array [
      Object {
        "__typename": "WebviewFeature",
        "id": "WebviewFeature:6",
        "linkText": "Text Link Text",
        "title": "Test Title",
        "url": "https://open.spotify.com/embed/user/spotify/playlist/37i9dQZF1DWWvHBEQLnV1N",
      },
      Object {
        "__typename": "TextFeature",
        "body": "this is another, text feature",
        "id": "TextFeature:1",
        "sharing": Object {
          "__typename": "SharableFeature",
          "message": "this is another, text feature",
        },
        "title": "title",
      },
      Object {
        "__typename": "ScriptureFeature",
        "id": "ScriptureFeature:3",
        "scriptures": Array [
          Object {
            "__typename": "Scripture",
            "copyright": "PUBLIC DOMAIN except in the United Kingdom, where a Crown Copyright applies to printing the KJV. See http://www.cambridge.org/about-us/who-we-are/queens-printers-patent",
            "html": "<p class=\\"p\\"><span data-number=\\"16\\" class=\\"v\\">16</span><span class=\\"wj\\">Â¶ For God so loved the world, that he gave his only begotten Son, that whosoever believeth in him should not perish, but have everlasting life.</span> </p>",
            "id": "Scripture:4",
            "reference": "Mark 1:12",
            "version": "KJV",
          },
        ],
        "sharing": Object {
          "__typename": "SharableFeature",
          "message": "16For God so loved the world, that he gave his only born Son, that whoever believes in him should not perish, but have eternal life.   Luke 1:2",
        },
        "title": "title",
      },
      Object {
        "__typename": "ScriptureFeature",
        "id": "ScriptureFeature:4",
        "scriptures": Array [
          Object {
            "__typename": "Scripture",
            "copyright": "PUBLIC DOMAIN",
            "html": "<p class=\\"p\\"><span data-number=\\"16\\" class=\\"v\\">16</span><span class=\\"wj\\">For God so loved the world, that he gave his only born</span> <span class=\\"wj\\">Son, that whoever believes in him should not perish, but have eternal life, forever. </span> </p>",
            "id": "Scripture:5",
            "reference": "John 3:16",
            "version": "WEB",
          },
        ],
        "sharing": Object {
          "__typename": "SharableFeature",
          "message": "16For God so loved the world, that he gave his only born Son, that whoever believes in him should not perish, but have eternal life.   John 3:16",
        },
        "title": "title",
      },
    ]
  }
  disableVirtualization={false}
  getItem={[Function]}
  getItemCount={[Function]}
  horizontal={false}
  initialNumToRender={10}
  keyExtractor={[Function]}
  loading={false}
  maxToRenderPerBatch={10}
  onContentSizeChange={[Function]}
  onEndReachedThreshold={0.7}
  onLayout={[Function]}
  onMomentumScrollEnd={[Function]}
  onRefresh={[Function]}
  onScroll={[Function]}
  onScrollBeginDrag={[Function]}
  onScrollEndDrag={[Function]}
  refreshControl={
    <RefreshControlMock
      onRefresh={[Function]}
      refreshing={false}
    />
  }
  refreshing={false}
  removeClippedSubviews={false}
  renderItem={[Function]}
  scrollEventThrottle={50}
  stickyHeaderIndices={Array []}
  updateCellsBatchingPeriod={50}
  viewabilityConfigCallbackPairs={Array []}
  windowSize={21}
>
  <RCTRefreshControl />
  <View>
    <View
      onLayout={[Function]}
      style={null}
    >
      <View
        height={400}
        style={
          Object {
            "backgroundColor": "#000000",
            "borderRadius": 16,
            "height": 400,
            "marginHorizontal": 16,
            "marginVertical": 12,
            "overflow": "hidden",
            "shadowColor": "rgba(0, 0, 0, 0.09999999999999998)",
            "shadowOffset": Object {
              "height": 2,
              "width": 0,
            },
            "shadowOpacity": 1,
            "shadowRadius": 8,
          }
        }
      >
        <View
          style={
            Object {
              "alignItems": "center",
              "flexDirection": "row",
              "flexWrap": "nowrap",
              "justifyContent": "space-between",
            }
          }
        >
          <Text
            padded={true}
            style={
              Object {
                "color": "#F8F7F4",
                "fontFamily": "InterUI-Black",
                "fontSize": 24,
                "lineHeight": 27.6,
                "paddingBottom": 18,
                "paddingHorizontal": 16,
                "paddingTop": 27,
              }
            }
          >
            Test Title
          </Text>
          <View
            accessible={true}
            focusable={true}
            onClick={[Function]}
            onResponderGrant={[Function]}
            onResponderMove={[Function]}
            onResponderRelease={[Function]}
            onResponderTerminate={[Function]}
            onResponderTerminationRequest={[Function]}
            onStartShouldSetResponder={[Function]}
            style={
              Object {
                "opacity": 1,
              }
            }
          >
            <Text
              style={
                Object {
                  "color": "#17B582",
                  "fontFamily": "System",
                  "fontSize": 14,
                  "fontStyle": null,
                  "fontWeight": null,
                  "lineHeight": 21,
                  "paddingHorizontal": 16,
                }
              }
            >
              Text Link Text
            </Text>
          </View>
        </View>
        <View
          style={
            Array [
              Object {
                "flex": 1,
                "overflow": "hidden",
              },
              undefined,
            ]
          }
        >
          <RNCWebView
            cacheEnabled={true}
            javaScriptEnabled={true}
            messagingEnabled={false}
            onContentProcessDidTerminate={[Function]}
            onHttpError={[Function]}
            onLoadingError={[Function]}
            onLoadingFinish={[Function]}
            onLoadingProgress={[Function]}
            onLoadingStart={[Function]}
            onMessage={[Function]}
            onShouldStartLoadWithRequest={[Function]}
            source={
              Object {
                "uri": "https://open.spotify.com/embed/user/spotify/playlist/37i9dQZF1DWWvHBEQLnV1N",
              }
            }
            style={
              Array [
                Object {
                  "flex": 1,
                  "overflow": "hidden",
                },
                Object {
                  "backgroundColor": "#ffffff",
                },
                Object {
                  "flex": 1,
                },
              ]
            }
            useSharedProcessPool={true}
          />
        </View>
      </View>
    </View>
    <View
      onLayout={[Function]}
      style={null}
    >
      <View
        style={
          Object {
            "backgroundColor": "#FFFFFF",
            "borderRadius": 16,
            "marginHorizontal": 16,
            "marginVertical": 12,
            "shadowColor": "rgba(0, 0, 0, 0.09999999999999998)",
            "shadowOffset": Object {
              "height": 2,
              "width": 0,
            },
            "shadowOpacity": 1,
            "shadowRadius": 8,
          }
        }
      >
        <View
          style={
            Object {
              "borderRadius": 16,
              "overflow": "hidden",
            }
          }
        >
          <View
            style={
              Object {
                "paddingHorizontal": 16,
                "paddingVertical": 16,
              }
            }
          >
            <View
              flexed={false}
              style={
                Object {
                  "alignItems": "center",
                  "flex": null,
                  "flexDirection": "row",
                  "paddingBottom": 16,
                }
              }
            >
              <View
                style={
                  Object {
                    "paddingRight": 4,
                  }
                }
              >
                <Text
                  style={
                    Object {
                      "color": "#00676D",
                      "fontFamily": "InterUI-Bold",
                      "fontSize": 12,
                      "lineHeight": 18,
                    }
                  }
                  tint="#00676D"
                >
                  title
                </Text>
              </View>
            </View>
            <Text
              bold={false}
              italic={false}
              style={
                Object {
                  "color": "#303030",
                  "fontFamily": "InterUI-Regular",
                  "fontSize": 16,
                  "lineHeight": 26,
                }
              }
            >
              this is another, text feature
            </Text>
          </View>
          <View
            style={
              Object {
                "alignItems": "center",
                "flexDirection": "row",
                "flexWrap": "wrap",
                "justifyContent": "flex-end",
                "paddingHorizontal": 16,
                "paddingTop": 0,
                "paddingVertical": 16,
              }
            }
          />
        </View>
      </View>
    </View>
    <View
      onLayout={[Function]}
      style={null}
    >
      <View
        style={
          Object {
            "backgroundColor": "#FFFFFF",
            "borderRadius": 16,
            "marginHorizontal": 16,
            "marginVertical": 12,
            "shadowColor": "rgba(0, 0, 0, 0.09999999999999998)",
            "shadowOffset": Object {
              "height": 2,
              "width": 0,
            },
            "shadowOpacity": 1,
            "shadowRadius": 8,
          }
        }
      >
        <View
          style={
            Object {
              "borderRadius": 16,
              "overflow": "hidden",
            }
          }
        >
          <View
            style={
              Object {
                "paddingHorizontal": 16,
                "paddingVertical": 16,
              }
            }
          >
            <View
              flexed={false}
              style={
                Object {
                  "alignItems": "center",
                  "flex": null,
                  "flexDirection": "row",
                  "paddingBottom": 16,
                }
              }
            >
              <RNSVGSvgView
                align="xMidYMid"
                bbHeight={19.2}
                bbWidth={19.2}
                height={19.2}
                meetOrSlice={0}
                minX={0}
                minY={0}
                style={
                  Array [
                    Object {
                      "backgroundColor": "transparent",
                      "borderWidth": 0,
                    },
                    undefined,
                    null,
                    Object {
                      "flex": 0,
                      "height": 19,
                      "width": 19,
                    },
                  ]
                }
                vbHeight={24}
                vbWidth={24}
                width={19.2}
              >
                <RNSVGGroup
                  fill={
                    Array [
                      0,
                      4278190080,
                    ]
                  }
                  fillOpacity={1}
                  fillRule={1}
                  font={Object {}}
                  matrix={
                    Array [
                      1,
                      0,
                      0,
                      1,
                      0,
                      0,
                    ]
                  }
                  opacity={1}
                  originX={0}
                  originY={0}
                  propList={Array []}
                  rotation={0}
                  scaleX={1}
                  scaleY={1}
                  skewX={0}
                  skewY={0}
                  stroke={null}
                  strokeDasharray={null}
                  strokeDashoffset={null}
                  strokeLinecap={0}
                  strokeLinejoin={0}
                  strokeMiterlimit={4}
                  strokeOpacity={1}
                  strokeWidth={1}
                  vectorEffect={0}
                  x={0}
                  y={0}
                >
                  <RNSVGPath
                    d="M4.6 3.64v16.356c0 .004 0 .004-.003.004h14.806c-.004 0-.003 0-.003-.004V3.64c0-.004 0-.004.003-.004H4.597c.004 0 .003 0 .003.004zm-1.6 0C3 2.734 3.717 2 4.597 2h14.806C20.285 2 21 2.734 21 3.64v16.356c0 .906-.717 1.64-1.597 1.64H4.597c-.882 0-1.597-.734-1.597-1.64V3.64zm4 3.27c0 .45.366.817.818.817h8.364c.452 0 .818-.366.818-.818 0-.454-.366-.82-.818-.82H7.818c-.452 0-.818.366-.818.82zm0 4.908c0 .452.366.818.818.818h8.364c.452 0 .818-.366.818-.818 0-.452-.366-.818-.818-.818H7.818c-.452 0-.818.366-.818.818zm0 4.91c0 .45.366.817.818.817h4.764c.452 0 .818-.366.818-.818 0-.452-.366-.818-.818-.818H7.818c-.452 0-.818.364-.818.816z"
                    fill={
                      Array [
                        0,
                        4278216557,
                      ]
                    }
                    fillOpacity={1}
                    fillRule={1}
                    matrix={
                      Array [
                        1,
                        0,
                        0,
                        1,
                        0,
                        0,
                      ]
                    }
                    opacity={1}
                    originX={0}
                    originY={0}
                    propList={
                      Array [
                        "fill",
                      ]
                    }
                    rotation={0}
                    scaleX={1}
                    scaleY={1}
                    skewX={0}
                    skewY={0}
                    stroke={null}
                    strokeDasharray={null}
                    strokeDashoffset={null}
                    strokeLinecap={0}
                    strokeLinejoin={0}
                    strokeMiterlimit={4}
                    strokeOpacity={1}
                    strokeWidth={1}
                    vectorEffect={0}
                    x={0}
                    y={0}
                  />
                </RNSVGGroup>
              </RNSVGSvgView>
              <View
                style={
                  Object {
                    "paddingHorizontal": 4,
                  }
                }
                withIcon="text"
              >
                <Text
                  style={
                    Object {
                      "color": "#00676D",
                      "fontFamily": "InterUI-Bold",
                      "fontSize": 12,
                      "lineHeight": 18,
                    }
                  }
                  tint="#00676D"
                >
                  title
                </Text>
              </View>
            </View>
            <View>
              <Text
                style={
                  Object {
                    "color": "#303030",
                    "fontFamily": "InterUI-Bold",
                    "fontSize": 16,
                    "lineHeight": 24,
                    "paddingBottom": 12,
                  }
                }
              >
                <Text
                  style={
                    Object {
                      "color": "#303030",
                      "fontFamily": "InterUI-Bold",
                      "fontSize": 16,
                      "lineHeight": 24,
                    }
                  }
                >
                  Mark 1:12
                </Text>
                <Text
                  style={
                    Object {
                      "color": "#505050",
                      "fontFamily": "InterUI-Bold",
                      "fontSize": 12,
                      "lineHeight": 18,
                    }
                  }
                >
                   
                  KJV
                </Text>
              </Text>
              <View
                style={
                  Object {
                    "paddingBottom": 18,
                  }
                }
              >
                <View>
                  <View
                    style={
                      Object {
                        "paddingBottom": 0,
                      }
                    }
                  >
                    <Text
                      bold={false}
                      italic={false}
                      style={
                        Object {
                          "color": "#303030",
                          "fontFamily": "DroidSerif",
                          "fontSize": 16,
                          "lineHeight": 26,
                        }
                      }
                    >
                      <Text
                        bold={false}
                        italic={false}
                        style={
                          Object {
                            "color": "#505050",
                            "fontFamily": "DroidSerif",
                            "fontSize": 9.6,
                            "lineHeight": 26,
                          }
                        }
                      >
                         
                        <Text>
                          16
                        </Text>
                        Â 
                      </Text>
                      <Text
                        style={
                          Object {
                            "color": "#8b0000",
                          }
                        }
                      >
                        <Text>
                          Â¶ For God so loved the world, that he gave his only begotten Son, that whosoever believeth in him should not perish, but have everlasting life.
                        </Text>
                      </Text>
                      <Text
                        bold={false}
                        italic={false}
                        style={
                          Object {
                            "color": "#303030",
                            "fontFamily": "DroidSerif",
                            "fontSize": 16,
                            "lineHeight": 26,
                          }
                        }
                      >
                        <Text>
                           
                        </Text>
                      </Text>
                    </Text>
                  </View>
                </View>
              </View>
              <Text
                bold={false}
                italic={false}
                style={
                  Object {
                    "color": "#505050",
                    "fontFamily": "InterUI-Regular",
                    "fontSize": 9.6,
                    "lineHeight": 10.8,
                  }
                }
              >
                PUBLIC DOMAIN except in the United Kingdom, where a Crown Copyright applies to printing the KJV. See http://www.cambridge.org/about-us/who-we-are/queens-printers-patent
              </Text>
            </View>
          </View>
          <View
            style={
              Object {
                "alignItems": "center",
                "flexDirection": "row",
                "flexWrap": "wrap",
                "justifyContent": "flex-end",
                "paddingHorizontal": 16,
                "paddingTop": 0,
                "paddingVertical": 16,
              }
            }
          />
        </View>
      </View>
    </View>
    <View
      onLayout={[Function]}
      style={null}
    >
      <View
        style={
          Object {
            "backgroundColor": "#FFFFFF",
            "borderRadius": 16,
            "marginHorizontal": 16,
            "marginVertical": 12,
            "shadowColor": "rgba(0, 0, 0, 0.09999999999999998)",
            "shadowOffset": Object {
              "height": 2,
              "width": 0,
            },
            "shadowOpacity": 1,
            "shadowRadius": 8,
          }
        }
      >
        <View
          style={
            Object {
              "borderRadius": 16,
              "overflow": "hidden",
            }
          }
        >
          <View
            style={
              Object {
                "paddingHorizontal": 16,
                "paddingVertical": 16,
              }
            }
          >
            <View
              flexed={false}
              style={
                Object {
                  "alignItems": "center",
                  "flex": null,
                  "flexDirection": "row",
                  "paddingBottom": 16,
                }
              }
            >
              <RNSVGSvgView
                align="xMidYMid"
                bbHeight={19.2}
                bbWidth={19.2}
                height={19.2}
                meetOrSlice={0}
                minX={0}
                minY={0}
                style={
                  Array [
                    Object {
                      "backgroundColor": "transparent",
                      "borderWidth": 0,
                    },
                    undefined,
                    null,
                    Object {
                      "flex": 0,
                      "height": 19,
                      "width": 19,
                    },
                  ]
                }
                vbHeight={24}
                vbWidth={24}
                width={19.2}
              >
                <RNSVGGroup
                  fill={
                    Array [
                      0,
                      4278190080,
                    ]
                  }
                  fillOpacity={1}
                  fillRule={1}
                  font={Object {}}
                  matrix={
                    Array [
                      1,
                      0,
                      0,
                      1,
                      0,
                      0,
                    ]
                  }
                  opacity={1}
                  originX={0}
                  originY={0}
                  propList={Array []}
                  rotation={0}
                  scaleX={1}
                  scaleY={1}
                  skewX={0}
                  skewY={0}
                  stroke={null}
                  strokeDasharray={null}
                  strokeDashoffset={null}
                  strokeLinecap={0}
                  strokeLinejoin={0}
                  strokeMiterlimit={4}
                  strokeOpacity={1}
                  strokeWidth={1}
                  vectorEffect={0}
                  x={0}
                  y={0}
                >
                  <RNSVGPath
                    d="M4.6 3.64v16.356c0 .004 0 .004-.003.004h14.806c-.004 0-.003 0-.003-.004V3.64c0-.004 0-.004.003-.004H4.597c.004 0 .003 0 .003.004zm-1.6 0C3 2.734 3.717 2 4.597 2h14.806C20.285 2 21 2.734 21 3.64v16.356c0 .906-.717 1.64-1.597 1.64H4.597c-.882 0-1.597-.734-1.597-1.64V3.64zm4 3.27c0 .45.366.817.818.817h8.364c.452 0 .818-.366.818-.818 0-.454-.366-.82-.818-.82H7.818c-.452 0-.818.366-.818.82zm0 4.908c0 .452.366.818.818.818h8.364c.452 0 .818-.366.818-.818 0-.452-.366-.818-.818-.818H7.818c-.452 0-.818.366-.818.818zm0 4.91c0 .45.366.817.818.817h4.764c.452 0 .818-.366.818-.818 0-.452-.366-.818-.818-.818H7.818c-.452 0-.818.364-.818.816z"
                    fill={
                      Array [
                        0,
                        4278216557,
                      ]
                    }
                    fillOpacity={1}
                    fillRule={1}
                    matrix={
                      Array [
                        1,
                        0,
                        0,
                        1,
                        0,
                        0,
                      ]
                    }
                    opacity={1}
                    originX={0}
                    originY={0}
                    propList={
                      Array [
                        "fill",
                      ]
                    }
                    rotation={0}
                    scaleX={1}
                    scaleY={1}
                    skewX={0}
                    skewY={0}
                    stroke={null}
                    strokeDasharray={null}
                    strokeDashoffset={null}
                    strokeLinecap={0}
                    strokeLinejoin={0}
                    strokeMiterlimit={4}
                    strokeOpacity={1}
                    strokeWidth={1}
                    vectorEffect={0}
                    x={0}
                    y={0}
                  />
                </RNSVGGroup>
              </RNSVGSvgView>
              <View
                style={
                  Object {
                    "paddingHorizontal": 4,
                  }
                }
                withIcon="text"
              >
                <Text
                  style={
                    Object {
                      "color": "#00676D",
                      "fontFamily": "InterUI-Bold",
                      "fontSize": 12,
                      "lineHeight": 18,
                    }
                  }
                  tint="#00676D"
                >
                  title
                </Text>
              </View>
            </View>
            <View>
              <Text
                style={
                  Object {
                    "color": "#303030",
                    "fontFamily": "InterUI-Bold",
                    "fontSize": 16,
                    "lineHeight": 24,
                    "paddingBottom": 12,
                  }
                }
              >
                <Text
                  style={
                    Object {
                      "color": "#303030",
                      "fontFamily": "InterUI-Bold",
                      "fontSize": 16,
                      "lineHeight": 24,
                    }
                  }
                >
                  John 3:16
                </Text>
                <Text
                  style={
                    Object {
                      "color": "#505050",
                      "fontFamily": "InterUI-Bold",
                      "fontSize": 12,
                      "lineHeight": 18,
                    }
                  }
                >
                   
                  WEB
                </Text>
              </Text>
              <View
                style={
                  Object {
                    "paddingBottom": 18,
                  }
                }
              >
                <View>
                  <View
                    style={
                      Object {
                        "paddingBottom": 0,
                      }
                    }
                  >
                    <Text
                      bold={false}
                      italic={false}
                      style={
                        Object {
                          "color": "#303030",
                          "fontFamily": "DroidSerif",
                          "fontSize": 16,
                          "lineHeight": 26,
                        }
                      }
                    >
                      <Text
                        bold={false}
                        italic={false}
                        style={
                          Object {
                            "color": "#505050",
                            "fontFamily": "DroidSerif",
                            "fontSize": 9.6,
                            "lineHeight": 26,
                          }
                        }
                      >
                         
                        <Text>
                          16
                        </Text>
                        Â 
                      </Text>
                      <Text
                        style={
                          Object {
                            "color": "#8b0000",
                          }
                        }
                      >
                        <Text>
                          For God so loved the world, that he gave his only born
                        </Text>
                      </Text>
                      <Text
                        bold={false}
                        italic={false}
                        style={
                          Object {
                            "color": "#303030",
                            "fontFamily": "DroidSerif",
                            "fontSize": 16,
                            "lineHeight": 26,
                          }
                        }
                      >
                        <Text>
                           
                        </Text>
                      </Text>
                      <Text
                        style={
                          Object {
                            "color": "#8b0000",
                          }
                        }
                      >
                        <Text>
                          Son, that whoever believes in him should not perish, but have eternal life, forever. 
                        </Text>
                      </Text>
                      <Text
                        bold={false}
                        italic={false}
                        style={
                          Object {
                            "color": "#303030",
                            "fontFamily": "DroidSerif",
                            "fontSize": 16,
                            "lineHeight": 26,
                          }
                        }
                      >
                        <Text>
                           
                        </Text>
                      </Text>
                    </Text>
                  </View>
                </View>
              </View>
            </View>
          </View>
          <View
            style={
              Object {
                "alignItems": "center",
                "flexDirection": "row",
                "flexWrap": "wrap",
                "justifyContent": "flex-end",
                "paddingHorizontal": 16,
                "paddingTop": 0,
                "paddingVertical": 16,
              }
            }
          />
        </View>
      </View>
    </View>
  </View>
</RCTScrollView>
`;
