// Jest Snapshot v1, https://goo.gl/fbAQLP

exports[`the BodyText component should accept additional props 1`] = `
<Text
  accessible={false}
  bold={false}
  italic={false}
  style={
    Object {
      "color": "#303030",
      "fontFamily": "InterUI-Regular",
      "fontSize": 16,
      "lineHeight": 26,
    }
  }
>
  "True faith means holding nothing back. It means putting every hope in God's fidelity to His Promises." â€• Francis Chan
</Text>
`;

exports[`the BodyText component should accept and render passed in styles 1`] = `
<Text
  bold={false}
  italic={false}
  style={
    Object {
      "color": "salmon",
      "fontFamily": "InterUI-Regular",
      "fontSize": 16,
      "lineHeight": 26,
    }
  }
>
  Salmon text
</Text>
`;

exports[`the BodyText component should render a loading state 1`] = `
<View
  style={
    Object {
      "alignSelf": "stretch",
      "backgroundColor": "#A5A5A5",
      "borderRadius": 6,
      "height": 16,
      "marginVertical": 5,
      "width": "100%",
    }
  }
/>
`;

exports[`the BodyText component should render as bold 1`] = `
<Text
  bold={true}
  italic={false}
  style={
    Object {
      "color": "#303030",
      "fontFamily": "InterUI-Bold",
      "fontSize": 16,
      "lineHeight": 26,
    }
  }
>
  Bold BodyText text
</Text>
`;

exports[`the BodyText component should render as bold italic 1`] = `
<Text
  bold={true}
  italic={true}
  style={
    Object {
      "color": "#303030",
      "fontFamily": "InterUI-BoldItalic",
      "fontSize": 16,
      "lineHeight": 26,
    }
  }
>
  Bold italic BodyText text
</Text>
`;

exports[`the BodyText component should render as italic 1`] = `
<Text
  bold={false}
  italic={true}
  style={
    Object {
      "color": "#303030",
      "fontFamily": "InterUI-Italic",
      "fontSize": 16,
      "lineHeight": 26,
    }
  }
>
  Italic BodyText text
</Text>
`;

exports[`the BodyText component should render correctly 1`] = `
<Text
  bold={false}
  italic={false}
  style={
    Object {
      "color": "#303030",
      "fontFamily": "InterUI-Regular",
      "fontSize": 16,
      "lineHeight": 26,
    }
  }
>
  Default BodyText text
</Text>
`;
