// Jest Snapshot v1, https://goo.gl/fbAQLP

exports[`ui-auth/SMS/VerificationConnected should render 1`] = `
Array [
  <BVLinearGradient
    colors={
      Array [
        4294967295,
        4294506484,
      ]
    }
    endPoint={
      Object {
        "x": 0.5,
        "y": 1,
      }
    }
    locations={null}
    startPoint={
      Object {
        "x": 0.5,
        "y": 0,
      }
    }
    style={
      Object {
        "bottom": 0,
        "flex": 1,
        "height": "100%",
        "left": 0,
        "position": "absolute",
        "resizeMode": "cover",
        "right": 0,
        "top": 0,
      }
    }
  />,
  <View
    onLayout={[Function]}
    style={
      Array [
        Object {
          "flex": 1,
        },
        Object {
          "paddingBottom": 0,
        },
      ]
    }
  >
    <RCTScrollView>
      <View>
        <View
          style={
            Object {
              "paddingHorizontal": 16,
              "paddingVertical": 0,
            }
          }
          vertical={false}
        >
          <Text
            style={
              Object {
                "color": "#00676D",
                "fontFamily": "InterUI-Black",
                "fontSize": 36,
                "lineHeight": 41.4,
              }
            }
          >
            Thanks!
Stand byâ€¦
          </Text>
          <Text
            padded={true}
            style={
              Object {
                "color": "#303030",
                "fontFamily": "InterUI-Medium",
                "fontSize": 14,
                "lineHeight": 21,
                "paddingBottom": 24,
                "paddingTop": 13.86,
              }
            }
          >
            We just sent you a code. Enter it below when it comes.
          </Text>
          <View
            disabled={false}
            style={
              Object {
                "marginVertical": 16,
              }
            }
          >
            <View>
              <View
                style={
                  Object {
                    "flexDirection": "row",
                    "justifyContent": "center",
                  }
                }
              >
                <View
                  style={
                    Object {
                      "alignItems": "center",
                      "justifyContent": "center",
                    }
                  }
                />
                <View
                  style={
                    Object {
                      "alignSelf": "flex-end",
                      "flex": 1,
                    }
                  }
                >
                  <View
                    style={
                      Object {
                        "opacity": 0,
                      }
                    }
                  >
                    <TextInput
                      allowFontScaling={true}
                      autoComplete="password"
                      autoFocus={true}
                      editable={true}
                      enablesReturnKeyAutomatically={true}
                      keyboardType="numeric"
                      onBlur={[Function]}
                      onChangeText={[Function]}
                      onFocus={[Function]}
                      onSubmitEditing={[Function]}
                      placeholderTextColor="rgba(48, 48, 48, 0.6)"
                      rejectResponderTermination={true}
                      returnKeyType="next"
                      style={
                        Object {
                          "color": "#303030",
                          "fontFamily": "InterUI-Bold",
                          "fontSize": 14,
                          "height": 38,
                          "paddingVertical": 0,
                        }
                      }
                      type="numeric"
                      underlineColorAndroid="transparent"
                      value=""
                    />
                  </View>
                  <View
                    onLayout={[Function]}
                    pointerEvents="none"
                    style={
                      Object {
                        "bottom": 0,
                        "justifyContent": "center",
                        "opacity": 1,
                        "position": "absolute",
                        "top": 0,
                        "transform": Array [
                          Object {
                            "scale": 1,
                          },
                          Object {
                            "translateX": 0,
                          },
                          Object {
                            "translateY": 0,
                          },
                        ],
                      }
                    }
                  >
                    <Text
                      style={
                        Object {
                          "backgroundColor": "transparent",
                          "color": "#505050",
                          "fontFamily": "InterUI-Bold",
                          "fontSize": 12,
                          "lineHeight": 18,
                          "paddingVertical": 4,
                        }
                      }
                    >
                      Verification Code
                    </Text>
                  </View>
                </View>
                <View
                  style={
                    Object {
                      "alignItems": "center",
                      "justifyContent": "center",
                    }
                  }
                />
              </View>
              <View
                style={
                  Object {
                    "bottom": 0,
                    "left": 0,
                    "right": 0,
                  }
                }
              >
                <View
                  style={
                    Object {
                      "backgroundColor": "#A5A5A5",
                      "bottom": -0.5,
                      "height": 0.5,
                    }
                  }
                />
                <View
                  style={
                    Object {
                      "bottom": 0,
                      "left": 0,
                      "right": 0,
                      "transform": Array [
                        Object {
                          "scaleX": 0.0001,
                        },
                      ],
                    }
                  }
                >
                  <View
                    hasError={false}
                    style={
                      Object {
                        "backgroundColor": "#17B582",
                        "bottom": 0,
                        "height": 0.5,
                      }
                    }
                  />
                </View>
              </View>
            </View>
          </View>
        </View>
      </View>
    </RCTScrollView>
    <View
      style={
        Object {
          "paddingHorizontal": 16,
          "paddingVertical": 16,
        }
      }
    >
      <View
        accessible={true}
        focusable={true}
        onClick={[Function]}
        onResponderGrant={[Function]}
        onResponderMove={[Function]}
        onResponderRelease={[Function]}
        onResponderTerminate={[Function]}
        onResponderTerminationRequest={[Function]}
        onStartShouldSetResponder={[Function]}
        style={
          Object {
            "opacity": 1,
          }
        }
      >
        <View
          bordered={false}
          disabled={true}
          pill={false}
          style={
            Object {
              "alignItems": "center",
              "backgroundColor": "#00676D",
              "borderColor": "#00676D",
              "borderRadius": 16,
              "borderWidth": 2,
              "elevation": 2,
              "flexDirection": "row",
              "height": 48,
              "justifyContent": "center",
              "opacity": 0.5,
              "overflow": "hidden",
              "paddingHorizontal": 16,
            }
          }
        >
          <Text
            style={
              Object {
                "color": "#FFFFFF",
                "fontFamily": "InterUI-Bold",
                "fontSize": 16,
                "lineHeight": 24,
              }
            }
          >
            Next
          </Text>
        </View>
      </View>
    </View>
  </View>,
]
`;
