// Jest Snapshot v1, https://goo.gl/fbAQLP

exports[`Passes as a logged in user queries by node 1`] = `
Object {
  "data": Object {
    "node": Object {
      "backgorundColor": null,
      "barcode": Object {
        "uri": "data:image/png;base64,iVBORw0KGgoAAAANSUhEUgAAAJQAAACUCAYAAAB1PADUAAAAAklEQVR4AewaftIAAATvSURBVO3BQY4bSRAEwfAC//9lXx3zVECjk7MaIczwj1QtOaladFK16KRq0UnVopOqRSdVi06qFp1ULTqpWnRSteikatFJ1aKTqkUnVYtOqhZ98hKQn6RmAnKj5gbIpOYGyDepmYD8JDVvnFQtOqladFK16JNlajYB+SY1N0Bu1ExAbtS8oWYTkE0nVYtOqhadVC365MuAPKHmCTUTkBsgk5oJyBtqboBMat4A8oSabzqpWnRSteikatEnvxyQGyCTmhs1bwCZ1Exq/mUnVYtOqhadVC365JdTMwG5AfKEmjeATGr+ZSdVi06qFp1ULfrky9T8JDWbgExqbtRMQCYgk5o31PxNTqoWnVQtOqla9MkyID8JyKRmAjKpmYBMap4AMqm5UTMBmdTcAPmbnVQtOqladFK16JOX1PwmQG6AvAFkUjMBmdTcqPlNTqoWnVQtOqla9MlLQCY1E5AbNROQJ9Q8oWYC8gSQSc0EZAIyqXkCyKTmBsikZgJyo+aNk6pFJ1WLTqoW4R/5hwF5Qs0TQCY1E5A31ExAbtQ8AWRS88ZJ1aKTqkUnVYs+eQnIG2pugExqboBMaiYgk5obIJOaGyA3am6APKHmBsiNmk0nVYtOqhadVC3CP7IIyBtq3gDyhJoJyI2aJ4BMaiYgN2q+Ccik5o2TqkUnVYtOqhZ98mVqngDyhJobNTdAJjVPALlRMwGZ1HwTkBs1m06qFp1ULTqpWvTJMjU3QJ5QcwPkCSCTmgnIpGYC8gSQN4DcqJmA3KiZgExq3jipWnRSteikatEnLwGZ1ExAJjU3QCYgN2o2qZmATGomIDdqJiATkCfU3Kj5P51ULTqpWnRSteiTZUAmNROQJ9TcAJnUvAFkUjMBmdTcALlR8wSQSc0EZFLzk06qFp1ULTqpWvTJS2omIBOQGzUTkAnIjZoJyBtqbtS8oeYGyKRmUjMB+ZucVC06qVp0UrXok2VqboBMQCY1N0Bu1NwAuQEyqZmAPKHmBsgTQCY1E5AbIJOaTSdVi06qFp1ULfrkJSCTmgnIjZobIE8AuVFzo+YJNROQJ9Q8oWYCMqmZgExqvumkatFJ1aKTqkWfvKTmCTU3QCY1E5An1ExAJjVPqJmAPAHkRs0NkEnNBOQGyI2aN06qFp1ULTqpWoR/ZBGQN9RMQN5QcwPkRs0NkL+JmgnIpOabTqoWnVQtOqla9MkyNZvU3ACZ1ExAJjVPAJnU3KiZgDyh5gkgN2pugExq3jipWnRSteikatEnLwH5SWqeUHOjZgIyqXkCyKRmAvIEkEnNDZBJzQRkUrPppGrRSdWik6pFnyxTswnIG0Bu1Exq3lAzAZnUTEBu1Dyh5v90UrXopGrRSdWiT74MyBNqnlAzAblR8wSQSc2kZgIyqXkCyCYgP+mkatFJ1aKTqkWf/HJAngAyqXkDyA2QN9RMQG6ATGpugExq3jipWnRSteikatEn/xg1TwCZ1ExqbtTcAJnU3ACZgExqngAyqfmmk6pFJ1WLTqoWffJlar5JzQRkUjMBmdRMQN5Q8wSQGzVPAJnUTEAmNZtOqhadVC06qVr0yTIgPwnIpGYCcgNkUvNNQG7UPAFkUvN/OqladFK16KRqEf6RqiUnVYtOqhadVC06qVp0UrXopGrRSdWik6pFJ1WLTqoWnVQtOqladFK16KRq0UnVov8ACbpJRE/izd0AAAAASUVORK5CYII=",
      },
      "description": "Apollos Church",
      "foregroundColor": "rgb(248,247,244)",
      "id": "Pass:ee0dc76d80d041692cdd83b50820a5eb",
      "labelColor": null,
      "logo": Object {
        "uri": "data:image/png;base64,iVBORw0KGgoAAAANSUhEUgAAADoAAAA6CAYAAADhu0ooAAAAAXNSR0IArs4c6QAABGFJREFUaAXtWktPU0EUPuX9aHlaeYmIvCkUqEBcGA0GiVFCjAYE6sKdK9f8A3+BiTt3riioiIpBNBrDyoCUt4AaQ4yJUQmPUsrLGUxrezsz9869cyGVns29M2fOzPnmnDn3zGkNcOv2LhwCijgEGPcghoH+b5YOWzRs0RDdgbDrhqjhqGofGotGUbdAIONadSU8uNlJnXFodg4u37tP5Ytg7ItFb9TZmLo2FBdCVpKJOUYrU3egZqMRLpQVM/WMMBigo7aaOUYrU3egbTYrREXIL9NZW6MVC1NeXgOmuDzTLuO23hkqsrPAmpPpbQp/6gq05KgZbLk5ipWWO8uKJyIM1BUor+JttmqIROdVD9INKFa3nTPAZKLI21hSpAdO0A3oucICyE1N4Va6s06foKQb0M56usJ3BoZgdWODuAktVgsYY2OIPC2dugCNj46Gq1UVRL22dnbg7tth6B+fIvJZskQBhZ26AG2xliOrxBJVeDU7D79cLugeHSfycae9np1JUQUZDF2Asr6djtGxPXUGZz7CsttNVO1swUl0vpOJPLWdwoFmmOiRc3N7G/rGp/d09eB3J9l9DegT035KbEooHChWEOeuJHo5MwdL6+s+luOD0/cufbELTgmFA7UzPg/do4HAhjBw1z/g/mBLMzO4sip/WdK7UKCWrEyUr2aR1gHP1hb0T/x1W++ATRSBH49PeptBT97MKmgCvw6hQFmKvZgmBx/HSKCV/XSD1hplNx9/Gdq7MKD4XF63VdHWAdp5fD23AD/X1ohyZpMRmmTuskRBQqcwoOdRlSA7JYmwBIB7cxOeStzWOxAnEI+cdPcVFZSEAWVdnAemZlHK5/FiC3r2jNCTh+bKckiOiwuS4e0QAjQxJgauVFmoa0ujrXTgm/kF+LGyKu3ea8dGRQEurmklIUAxyAQElkQujweeT86QWL6+7d1deOic8LWlLyJuNEKAstz2GQLpQmdUjhyM3PdMQT6cSEuVm4LJ1ww0O9kEOBDRyCFJEmjj3i18hu/LKzS25iqhZqA45cO5KYnWUADCgUgJ7SD37R2jByXWRUHJ/JqBspKE/okpcKOMSCn1MNy30HwE6vNylU4VNE4T0CqU7pWjtI9GctFWKjf86Qt8W1qWdvvaWqyqCSjLmivorjmIknYewn+P6R1jp4TRCorhpDVVA8VlSVyepFGfcxo2ONzWOw+r8pCWmAAXLaXeoVxP1b+mNZYWQUaSkbrY4tKSqtIlDmvYG0yUbAh70RNKvYmqDGKoBmqvtbHmha6mBuiCBuYYNcxLyKKpCfHwm3KPpc2pynVNqPCFC2AHQdGRkdBabeVeWhVQXMqMQyXNgyI1KaEqoKzi9H6AP52fBwXp6VxLcQPFZUj8c8NBE69VuYF2CK7Oqd0wXqDcUbfZUkYtPKtVWo1cOvqm1h4/Bu+/LioSN4T/r6ton0JnEPcZDR1ogZqGgQbuR+i3whYNfRsGIghbNHA/Qr91aCz6BzYbARjcFUOvAAAAAElFTkSuQmCC",
      },
      "logoText": "Apollos Church",
      "passkitFileUrl": null,
      "primaryFields": Array [
        Object {
          "key": "member",
          "label": null,
          "textAlignment": "LEFT",
          "value": "{{ person.FullName }}",
        },
      ],
      "secondaryFields": Array [
        Object {
          "key": "home",
          "label": "home",
          "textAlignment": "LEFT",
          "value": "{{ person | Address:'Home','[[City]], [[State]]' }}",
        },
        Object {
          "key": "campus",
          "label": "campus",
          "textAlignment": "RIGHT",
          "value": "{% assign personCampus = person | Campus %}{{ personCampus.Name  }}",
        },
      ],
      "thumbnail": Object {
        "uri": "https://apollosrock.newspring.cc/GetImage.ashx?guid=dd2aa592-80ac-4d7a-8bdc-47aeb25ce158&format=png&height=200",
      },
      "type": "GENERIC",
    },
  },
}
`;

exports[`Passes as a logged in user returns the checkin pass 1`] = `
Object {
  "data": Object {
    "userPasses": Array [
      Object {
        "backgorundColor": null,
        "barcode": Object {
          "uri": "data:image/png;base64,iVBORw0KGgoAAAANSUhEUgAAAJQAAACUCAYAAAB1PADUAAAAAklEQVR4AewaftIAAATvSURBVO3BQY4bSRAEwfAC//9lXx3zVECjk7MaIczwj1QtOaladFK16KRq0UnVopOqRSdVi06qFp1ULTqpWnRSteikatFJ1aKTqkUnVYtOqhZ98hKQn6RmAnKj5gbIpOYGyDepmYD8JDVvnFQtOqladFK16JNlajYB+SY1N0Bu1ExAbtS8oWYTkE0nVYtOqhadVC365MuAPKHmCTUTkBsgk5oJyBtqboBMat4A8oSabzqpWnRSteikatEnvxyQGyCTmhs1bwCZ1Exq/mUnVYtOqhadVC365JdTMwG5AfKEmjeATGr+ZSdVi06qFp1ULfrky9T8JDWbgExqbtRMQCYgk5o31PxNTqoWnVQtOqla9MkyID8JyKRmAjKpmYBMap4AMqm5UTMBmdTcAPmbnVQtOqladFK16JOX1PwmQG6AvAFkUjMBmdTcqPlNTqoWnVQtOqla9MlLQCY1E5AbNROQJ9Q8oWYC8gSQSc0EZAIyqXkCyKTmBsikZgJyo+aNk6pFJ1WLTqoW4R/5hwF5Qs0TQCY1E5A31ExAbtQ8AWRS88ZJ1aKTqkUnVYs+eQnIG2pugExqboBMaiYgk5obIJOaGyA3am6APKHmBsiNmk0nVYtOqhadVC3CP7IIyBtq3gDyhJoJyI2aJ4BMaiYgN2q+Ccik5o2TqkUnVYtOqhZ98mVqngDyhJobNTdAJjVPALlRMwGZ1HwTkBs1m06qFp1ULTqpWvTJMjU3QJ5QcwPkCSCTmgnIpGYC8gSQN4DcqJmA3KiZgExq3jipWnRSteikatEnLwGZ1ExAJjU3QCYgN2o2qZmATGomIDdqJiATkCfU3Kj5P51ULTqpWnRSteiTZUAmNROQJ9TcAJnUvAFkUjMBmdTcALlR8wSQSc0EZFLzk06qFp1ULTqpWvTJS2omIBOQGzUTkAnIjZoJyBtqbtS8oeYGyKRmUjMB+ZucVC06qVp0UrXok2VqboBMQCY1N0Bu1NwAuQEyqZmAPKHmBsgTQCY1E5AbIJOaTSdVi06qFp1ULfrkJSCTmgnIjZobIE8AuVFzo+YJNROQJ9Q8oWYCMqmZgExqvumkatFJ1aKTqkWfvKTmCTU3QCY1E5An1ExAJjVPqJmAPAHkRs0NkEnNBOQGyI2aN06qFp1ULTqpWoR/ZBGQN9RMQN5QcwPkRs0NkL+JmgnIpOabTqoWnVQtOqla9MkyNZvU3ACZ1ExAJjVPAJnU3KiZgDyh5gkgN2pugExq3jipWnRSteikatEnLwH5SWqeUHOjZgIyqXkCyKRmAvIEkEnNDZBJzQRkUrPppGrRSdWik6pFnyxTswnIG0Bu1Exq3lAzAZnUTEBu1Dyh5v90UrXopGrRSdWiT74MyBNqnlAzAblR8wSQSc2kZgIyqXkCyCYgP+mkatFJ1aKTqkWf/HJAngAyqXkDyA2QN9RMQG6ATGpugExq3jipWnRSteikatEn/xg1TwCZ1ExqbtTcAJnU3ACZgExqngAyqfmmk6pFJ1WLTqoWffJlar5JzQRkUjMBmdRMQN5Q8wSQGzVPAJnUTEAmNZtOqhadVC06qVr0yTIgPwnIpGYCcgNkUvNNQG7UPAFkUvN/OqladFK16KRqEf6RqiUnVYtOqhadVC06qVp0UrXopGrRSdWik6pFJ1WLTqoWnVQtOqladFK16KRq0UnVov8ACbpJRE/izd0AAAAASUVORK5CYII=",
        },
        "description": "Apollos Church",
        "foregroundColor": "rgb(248,247,244)",
        "id": "Pass:ee0dc76d80d041692cdd83b50820a5eb",
        "labelColor": null,
        "logo": Object {
          "uri": "data:image/png;base64,iVBORw0KGgoAAAANSUhEUgAAADoAAAA6CAYAAADhu0ooAAAAAXNSR0IArs4c6QAABGFJREFUaAXtWktPU0EUPuX9aHlaeYmIvCkUqEBcGA0GiVFCjAYE6sKdK9f8A3+BiTt3riioiIpBNBrDyoCUt4AaQ4yJUQmPUsrLGUxrezsz9869cyGVns29M2fOzPnmnDn3zGkNcOv2LhwCijgEGPcghoH+b5YOWzRs0RDdgbDrhqjhqGofGotGUbdAIONadSU8uNlJnXFodg4u37tP5Ytg7ItFb9TZmLo2FBdCVpKJOUYrU3egZqMRLpQVM/WMMBigo7aaOUYrU3egbTYrREXIL9NZW6MVC1NeXgOmuDzTLuO23hkqsrPAmpPpbQp/6gq05KgZbLk5ipWWO8uKJyIM1BUor+JttmqIROdVD9INKFa3nTPAZKLI21hSpAdO0A3oucICyE1N4Va6s06foKQb0M56usJ3BoZgdWODuAktVgsYY2OIPC2dugCNj46Gq1UVRL22dnbg7tth6B+fIvJZskQBhZ26AG2xliOrxBJVeDU7D79cLugeHSfycae9np1JUQUZDF2Asr6djtGxPXUGZz7CsttNVO1swUl0vpOJPLWdwoFmmOiRc3N7G/rGp/d09eB3J9l9DegT035KbEooHChWEOeuJHo5MwdL6+s+luOD0/cufbELTgmFA7UzPg/do4HAhjBw1z/g/mBLMzO4sip/WdK7UKCWrEyUr2aR1gHP1hb0T/x1W++ATRSBH49PeptBT97MKmgCvw6hQFmKvZgmBx/HSKCV/XSD1hplNx9/Gdq7MKD4XF63VdHWAdp5fD23AD/X1ohyZpMRmmTuskRBQqcwoOdRlSA7JYmwBIB7cxOeStzWOxAnEI+cdPcVFZSEAWVdnAemZlHK5/FiC3r2jNCTh+bKckiOiwuS4e0QAjQxJgauVFmoa0ujrXTgm/kF+LGyKu3ea8dGRQEurmklIUAxyAQElkQujweeT86QWL6+7d1deOic8LWlLyJuNEKAstz2GQLpQmdUjhyM3PdMQT6cSEuVm4LJ1ww0O9kEOBDRyCFJEmjj3i18hu/LKzS25iqhZqA45cO5KYnWUADCgUgJ7SD37R2jByXWRUHJ/JqBspKE/okpcKOMSCn1MNy30HwE6vNylU4VNE4T0CqU7pWjtI9GctFWKjf86Qt8W1qWdvvaWqyqCSjLmivorjmIknYewn+P6R1jp4TRCorhpDVVA8VlSVyepFGfcxo2ONzWOw+r8pCWmAAXLaXeoVxP1b+mNZYWQUaSkbrY4tKSqtIlDmvYG0yUbAh70RNKvYmqDGKoBmqvtbHmha6mBuiCBuYYNcxLyKKpCfHwm3KPpc2pynVNqPCFC2AHQdGRkdBabeVeWhVQXMqMQyXNgyI1KaEqoKzi9H6AP52fBwXp6VxLcQPFZUj8c8NBE69VuYF2CK7Oqd0wXqDcUbfZUkYtPKtVWo1cOvqm1h4/Bu+/LioSN4T/r6ton0JnEPcZDR1ogZqGgQbuR+i3whYNfRsGIghbNHA/Qr91aCz6BzYbARjcFUOvAAAAAElFTkSuQmCC",
        },
        "logoText": "Apollos Church",
        "passkitFileUrl": null,
        "primaryFields": Array [
          Object {
            "key": "member",
            "label": null,
            "textAlignment": "LEFT",
            "value": "{{ person.FullName }}",
          },
        ],
        "secondaryFields": Array [
          Object {
            "key": "home",
            "label": "home",
            "textAlignment": "LEFT",
            "value": "{{ person | Address:'Home','[[City]], [[State]]' }}",
          },
          Object {
            "key": "campus",
            "label": "campus",
            "textAlignment": "RIGHT",
            "value": "{% assign personCampus = person | Campus %}{{ personCampus.Name  }}",
          },
        ],
        "thumbnail": Object {
          "uri": "https://apollosrock.newspring.cc/GetImage.ashx?guid=dd2aa592-80ac-4d7a-8bdc-47aeb25ce158&format=png&height=200",
        },
        "type": "GENERIC",
      },
    ],
  },
}
`;
