// Jest Snapshot v1, https://goo.gl/fbAQLP

exports[`the Card component it should render a placeholder 1`] = `
<RCTSafeAreaView
  onLayout={[Function]}
  style={
    Object {
      "bottom": 0,
      "left": 0,
      "position": "absolute",
      "right": 0,
      "top": 0,
    }
  }
>
  <View
    onLayout={[Function]}
    style={
      Object {
        "flex": 1,
      }
    }
  />
  <View
    style={
      Object {
        "bottom": 0,
        "left": 0,
        "position": "absolute",
        "right": 0,
        "top": 0,
      }
    }
  >
    <View
      style={
        Object {
          "backgroundColor": "#FFFFFF",
          "borderRadius": 16,
          "marginHorizontal": 16,
          "marginVertical": 12,
          "shadowColor": "rgba(165, 165, 165, 0.30000000000000004)",
          "shadowOffset": Object {
            "height": 1,
            "width": 0,
          },
          "shadowOpacity": 1,
          "shadowRadius": 6,
        }
      }
    >
      <View
        style={
          Object {
            "aspectRatio": undefined,
            "borderRadius": 16,
            "overflow": "hidden",
          }
        }
      >
        <View
          style={
            Object {
              "paddingHorizontal": 16,
              "paddingVertical": 16,
            }
          }
        >
          <Text
            style={
              Object {
                "color": "#303030",
                "fontFamily": "InterUI-Black",
                "fontSize": 24,
                "lineHeight": 27.6,
              }
            }
          />
          <Text
            padded={true}
            style={
              Object {
                "color": "#505050",
                "fontFamily": "InterUI-Bold",
                "fontSize": 12,
                "lineHeight": 17.28,
                "paddingBottom": 8.64,
              }
            }
          />
          <View
            style={
              Object {
                "paddingBottom": 17.28,
              }
            }
          >
            <Text
              bold={false}
              italic={false}
              style={
                Object {
                  "color": "#303030",
                  "fontFamily": "InterUI-Regular",
                  "fontSize": 16,
                  "lineHeight": 26,
                }
              }
            />
          </View>
        </View>
        <View
          style={
            Object {
              "alignItems": "center",
              "flexDirection": "row",
              "flexWrap": "wrap",
              "justifyContent": "space-between",
              "paddingHorizontal": 16,
              "paddingTop": 4,
              "paddingVertical": 16,
            }
          }
        >
          <View
            bordered={false}
            disabled={false}
            pill={false}
            style={
              Object {
                "alignItems": "center",
                "backgroundColor": "#00676D",
                "borderColor": "#00676D",
                "borderRadius": 8,
                "borderWidth": 2,
                "elevation": 2,
                "flexDirection": "row",
                "height": 48,
                "justifyContent": "center",
                "opacity": 1,
                "overflow": "hidden",
                "paddingHorizontal": 16,
              }
            }
          >
            <Text
              style={
                Object {
                  "color": "#FFFFFF",
                  "fontFamily": "InterUI-Bold",
                  "fontSize": 16,
                  "lineHeight": 23.04,
                }
              }
            >
              
            </Text>
          </View>
          <Text
            style={
              Object {
                "color": "#17B582",
              }
            }
          />
        </View>
      </View>
    </View>
  </View>
</RCTSafeAreaView>
`;

exports[`the Card component should render 1`] = `
<RCTSafeAreaView
  onLayout={[Function]}
  style={
    Object {
      "bottom": 0,
      "left": 0,
      "position": "absolute",
      "right": 0,
      "top": 0,
    }
  }
>
  <View
    onLayout={[Function]}
    style={
      Object {
        "flex": 1,
      }
    }
  />
  <View
    style={
      Object {
        "bottom": 0,
        "left": 0,
        "position": "absolute",
        "right": 0,
        "top": 0,
      }
    }
  >
    <View
      style={
        Object {
          "backgroundColor": "#FFFFFF",
          "borderRadius": 16,
          "marginHorizontal": 16,
          "marginVertical": 12,
          "shadowColor": "rgba(165, 165, 165, 0.30000000000000004)",
          "shadowOffset": Object {
            "height": 1,
            "width": 0,
          },
          "shadowOpacity": 1,
          "shadowRadius": 6,
        }
      }
    >
      <View
        style={
          Object {
            "aspectRatio": undefined,
            "borderRadius": 16,
            "overflow": "hidden",
          }
        }
      >
        <View
          style={
            Object {
              "backgroundColor": "#A5A5A5",
              "overflow": "hidden",
              "width": "100%",
            }
          }
        >
          <View
            animate={null}
            customAnimate={null}
            onReady={false}
            style={
              Object {
                "aspectRatio": 1,
                "backgroundColor": "#A5A5A5",
                "width": "100%",
              }
            }
          >
            <Image
              onLoad={[Function]}
              source={
                Array [
                  Object {
                    "cache": "force-cache",
                    "uri": "https://picsum.photos/600/400/?image=63",
                    "url": "https://picsum.photos/600/400/?image=63",
                  },
                ]
              }
              style={
                Object {
                  "backgroundColor": "#A5A5A5",
                  "opacity": 0,
                  "resizeMode": "cover",
                  "width": "100%",
                }
              }
            />
          </View>
        </View>
        <View
          style={
            Object {
              "paddingHorizontal": 16,
              "paddingVertical": 16,
            }
          }
        >
          <Text
            style={
              Object {
                "color": "#303030",
                "fontFamily": "InterUI-Black",
                "fontSize": 24,
                "lineHeight": 27.6,
              }
            }
          >
            Coffee
          </Text>
          <Text
            padded={true}
            style={
              Object {
                "color": "#505050",
                "fontFamily": "InterUI-Bold",
                "fontSize": 12,
                "lineHeight": 17.28,
                "paddingBottom": 8.64,
              }
            }
          >
            noun
          </Text>
          <View
            style={
              Object {
                "paddingBottom": 17.28,
              }
            }
          >
            <Text
              bold={false}
              italic={false}
              style={
                Object {
                  "color": "#303030",
                  "fontFamily": "InterUI-Regular",
                  "fontSize": 16,
                  "lineHeight": 26,
                }
              }
            >
              A dark substance that turns "leave me alone" into "good morning!"
            </Text>
          </View>
        </View>
        <View
          style={
            Object {
              "alignItems": "center",
              "flexDirection": "row",
              "flexWrap": "wrap",
              "justifyContent": "space-between",
              "paddingHorizontal": 16,
              "paddingTop": 4,
              "paddingVertical": 16,
            }
          }
        >
          <View
            bordered={false}
            disabled={false}
            pill={false}
            style={
              Object {
                "alignItems": "center",
                "backgroundColor": "#00676D",
                "borderColor": "#00676D",
                "borderRadius": 8,
                "borderWidth": 2,
                "elevation": 2,
                "flexDirection": "row",
                "height": 48,
                "justifyContent": "center",
                "opacity": 1,
                "overflow": "hidden",
                "paddingHorizontal": 16,
              }
            }
          >
            <Text
              style={
                Object {
                  "color": "#FFFFFF",
                  "fontFamily": "InterUI-Bold",
                  "fontSize": 16,
                  "lineHeight": 23.04,
                }
              }
            >
              Learn More
            </Text>
          </View>
          <Text
            style={
              Object {
                "color": "#17B582",
              }
            }
          >
            Share
          </Text>
        </View>
      </View>
    </View>
  </View>
</RCTSafeAreaView>
`;
