// Jest Snapshot v1, https://goo.gl/fbAQLP

exports[`the ProgressiveImage component should render 1`] = `
<View
  style={
    Object {
      "backgroundColor": "#A5A5A5",
      "width": "100%",
    }
  }
>
  <Image
    blurRadius={2}
    onLoad={[Function]}
    source={
      Array [
        Object {
          "cache": "force-cache",
          "height": 50,
          "uri": "https://placeholdit.co/i/50x50",
          "width": 50,
        },
      ]
    }
    style={
      Object {
        "backgroundColor": "#A5A5A5",
        "opacity": 1,
        "resizeMode": "cover",
        "width": "100%",
      }
    }
  />
  <Image
    onLoad={[Function]}
    source={
      Array [
        Object {
          "cache": "force-cache",
          "height": 1500,
          "uri": "https://placeholdit.co/i/1500x1500",
          "width": 1500,
        },
      ]
    }
    style={
      Object {
        "backgroundColor": "#A5A5A5",
        "opacity": 1,
        "resizeMode": "cover",
        "width": "100%",
      }
    }
  />
</View>
`;
