// Jest Snapshot v1, https://goo.gl/fbAQLP

exports[`the H2 component should accept additional props 1`] = `
<RCTSafeAreaView
  onLayout={[Function]}
  style={
    Object {
      "bottom": 0,
      "left": 0,
      "position": "absolute",
      "right": 0,
      "top": 0,
    }
  }
>
  <View
    onLayout={[Function]}
    style={
      Object {
        "flex": 1,
      }
    }
  />
  <View
    style={
      Object {
        "bottom": 0,
        "left": 0,
        "position": "absolute",
        "right": 0,
        "top": 0,
      }
    }
  >
    <Text
      accessible={false}
      style={
        Object {
          "color": "#303030",
          "fontFamily": "InterUI-Black",
          "fontSize": 36,
          "lineHeight": 41.4,
        }
      }
    >
      "God is most glorified in us when we are most satisfied in Him" â€• John Piper
    </Text>
  </View>
</RCTSafeAreaView>
`;

exports[`the H2 component should accept and render passed in styles 1`] = `
<RCTSafeAreaView
  onLayout={[Function]}
  style={
    Object {
      "bottom": 0,
      "left": 0,
      "position": "absolute",
      "right": 0,
      "top": 0,
    }
  }
>
  <View
    onLayout={[Function]}
    style={
      Object {
        "flex": 1,
      }
    }
  />
  <View
    style={
      Object {
        "bottom": 0,
        "left": 0,
        "position": "absolute",
        "right": 0,
        "top": 0,
      }
    }
  >
    <Text
      style={
        Object {
          "color": "salmon",
          "fontFamily": "InterUI-Black",
          "fontSize": 36,
          "lineHeight": 41.4,
        }
      }
    >
      Salmon text
    </Text>
  </View>
</RCTSafeAreaView>
`;

exports[`the H2 component should render a loading state 1`] = `
<RCTSafeAreaView
  onLayout={[Function]}
  style={
    Object {
      "bottom": 0,
      "left": 0,
      "position": "absolute",
      "right": 0,
      "top": 0,
    }
  }
>
  <View
    onLayout={[Function]}
    style={
      Object {
        "flex": 1,
      }
    }
  />
  <View
    style={
      Object {
        "bottom": 0,
        "left": 0,
        "position": "absolute",
        "right": 0,
        "top": 0,
      }
    }
  >
    <View
      style={
        Object {
          "alignSelf": "stretch",
          "backgroundColor": "#A5A5A5",
          "borderRadius": 16,
          "height": 36,
          "marginVertical": 2.6999999999999993,
          "width": "100%",
        }
      }
    />
  </View>
</RCTSafeAreaView>
`;

exports[`the H2 component should render a loading state with correct positioning (margins) 1`] = `
<RCTSafeAreaView
  onLayout={[Function]}
  style={
    Object {
      "bottom": 0,
      "left": 0,
      "position": "absolute",
      "right": 0,
      "top": 0,
    }
  }
>
  <View
    onLayout={[Function]}
    style={
      Object {
        "flex": 1,
      }
    }
  />
  <View
    style={
      Object {
        "bottom": 0,
        "left": 0,
        "position": "absolute",
        "right": 0,
        "top": 0,
      }
    }
  >
    <View
      style={
        Object {
          "alignSelf": "stretch",
          "backgroundColor": "#A5A5A5",
          "borderRadius": 16,
          "height": 36,
          "marginBottom": 25.92,
          "marginTop": 38.88,
          "marginVertical": 2.6999999999999993,
          "width": "100%",
        }
      }
    />
  </View>
</RCTSafeAreaView>
`;

exports[`the H2 component should render correctly 1`] = `
<RCTSafeAreaView
  onLayout={[Function]}
  style={
    Object {
      "bottom": 0,
      "left": 0,
      "position": "absolute",
      "right": 0,
      "top": 0,
    }
  }
>
  <View
    onLayout={[Function]}
    style={
      Object {
        "flex": 1,
      }
    }
  />
  <View
    style={
      Object {
        "bottom": 0,
        "left": 0,
        "position": "absolute",
        "right": 0,
        "top": 0,
      }
    }
  >
    <Text
      style={
        Object {
          "color": "#303030",
          "fontFamily": "InterUI-Black",
          "fontSize": 36,
          "lineHeight": 41.4,
        }
      }
    >
      Default H2 text
    </Text>
  </View>
</RCTSafeAreaView>
`;

exports[`the H2 component should render with correct padding 1`] = `
<RCTSafeAreaView
  onLayout={[Function]}
  style={
    Object {
      "bottom": 0,
      "left": 0,
      "position": "absolute",
      "right": 0,
      "top": 0,
    }
  }
>
  <View
    onLayout={[Function]}
    style={
      Object {
        "flex": 1,
      }
    }
  />
  <View
    style={
      Object {
        "bottom": 0,
        "left": 0,
        "position": "absolute",
        "right": 0,
        "top": 0,
      }
    }
  >
    <Text
      padded={true}
      style={
        Object {
          "color": "#303030",
          "fontFamily": "InterUI-Black",
          "fontSize": 36,
          "lineHeight": 41.4,
          "paddingBottom": 25.92,
          "paddingTop": 38.88,
        }
      }
    >
      Padded H2 text
    </Text>
  </View>
</RCTSafeAreaView>
`;
