// Jest Snapshot v1, https://goo.gl/fbAQLP

exports[`the Card component should render 1`] = `
<RCTSafeAreaView
  onLayout={[Function]}
  style={
    Object {
      "bottom": 0,
      "left": 0,
      "position": "absolute",
      "right": 0,
      "top": 0,
    }
  }
>
  <View
    onLayout={[Function]}
    style={
      Object {
        "flex": 1,
      }
    }
  />
  <View
    style={
      Object {
        "bottom": 0,
        "left": 0,
        "position": "absolute",
        "right": 0,
        "top": 0,
      }
    }
  >
    <View
      style={
        Object {
          "backgroundColor": "#FFFFFF",
          "borderRadius": 16,
          "marginHorizontal": 16,
          "marginVertical": 12,
          "shadowColor": "rgba(165, 165, 165, 0.30000000000000004)",
          "shadowOffset": Object {
            "height": 1,
            "width": 0,
          },
          "shadowOpacity": 1,
          "shadowRadius": 6,
        }
      }
    >
      <View
        style={
          Object {
            "aspectRatio": undefined,
            "borderRadius": 16,
            "overflow": "hidden",
          }
        }
      >
        <View
          style={
            Object {
              "paddingHorizontal": 16,
              "paddingVertical": 16,
            }
          }
        >
          <Text
            style={
              Object {
                "color": "#303030",
                "fontFamily": "InterUI-Bold",
                "fontSize": 16,
                "lineHeight": 23.04,
                "textAlign": "center",
              }
            }
          >
            Boom!
          </Text>
          <Text
            style={
              Object {
                "color": "#505050",
                "fontFamily": "InterUI-Bold",
                "fontSize": 12,
                "lineHeight": 17.28,
                "textAlign": "center",
              }
            }
          >
            What?
          </Text>
        </View>
      </View>
    </View>
  </View>
</RCTSafeAreaView>
`;

exports[`the Card component should render with an error inside an object 1`] = `
<RCTSafeAreaView
  onLayout={[Function]}
  style={
    Object {
      "bottom": 0,
      "left": 0,
      "position": "absolute",
      "right": 0,
      "top": 0,
    }
  }
>
  <View
    onLayout={[Function]}
    style={
      Object {
        "flex": 1,
      }
    }
  />
  <View
    style={
      Object {
        "bottom": 0,
        "left": 0,
        "position": "absolute",
        "right": 0,
        "top": 0,
      }
    }
  >
    <View
      style={
        Object {
          "backgroundColor": "#FFFFFF",
          "borderRadius": 16,
          "marginHorizontal": 16,
          "marginVertical": 12,
          "shadowColor": "rgba(165, 165, 165, 0.30000000000000004)",
          "shadowOffset": Object {
            "height": 1,
            "width": 0,
          },
          "shadowOpacity": 1,
          "shadowRadius": 6,
        }
      }
    >
      <View
        style={
          Object {
            "aspectRatio": undefined,
            "borderRadius": 16,
            "overflow": "hidden",
          }
        }
      >
        <View
          style={
            Object {
              "paddingHorizontal": 16,
              "paddingVertical": 16,
            }
          }
        >
          <Text
            style={
              Object {
                "color": "#303030",
                "fontFamily": "InterUI-Bold",
                "fontSize": 16,
                "lineHeight": 23.04,
                "textAlign": "center",
              }
            }
          >
            Uh oh!
          </Text>
          <Text
            style={
              Object {
                "color": "#505050",
                "fontFamily": "InterUI-Bold",
                "fontSize": 12,
                "lineHeight": 17.28,
                "textAlign": "center",
              }
            }
          >
            Errors, errors, and more errors
          </Text>
        </View>
      </View>
    </View>
  </View>
</RCTSafeAreaView>
`;

exports[`the Card component should render with an error message inside an object 1`] = `
<RCTSafeAreaView
  onLayout={[Function]}
  style={
    Object {
      "bottom": 0,
      "left": 0,
      "position": "absolute",
      "right": 0,
      "top": 0,
    }
  }
>
  <View
    onLayout={[Function]}
    style={
      Object {
        "flex": 1,
      }
    }
  />
  <View
    style={
      Object {
        "bottom": 0,
        "left": 0,
        "position": "absolute",
        "right": 0,
        "top": 0,
      }
    }
  >
    <View
      style={
        Object {
          "backgroundColor": "#FFFFFF",
          "borderRadius": 16,
          "marginHorizontal": 16,
          "marginVertical": 12,
          "shadowColor": "rgba(165, 165, 165, 0.30000000000000004)",
          "shadowOffset": Object {
            "height": 1,
            "width": 0,
          },
          "shadowOpacity": 1,
          "shadowRadius": 6,
        }
      }
    >
      <View
        style={
          Object {
            "aspectRatio": undefined,
            "borderRadius": 16,
            "overflow": "hidden",
          }
        }
      >
        <View
          style={
            Object {
              "paddingHorizontal": 16,
              "paddingVertical": 16,
            }
          }
        >
          <Text
            style={
              Object {
                "color": "#303030",
                "fontFamily": "InterUI-Bold",
                "fontSize": 16,
                "lineHeight": 23.04,
                "textAlign": "center",
              }
            }
          >
            Uh oh!
          </Text>
          <Text
            style={
              Object {
                "color": "#505050",
                "fontFamily": "InterUI-Bold",
                "fontSize": 12,
                "lineHeight": 17.28,
                "textAlign": "center",
              }
            }
          >
            You have discovered an error message. Do you open it?
          </Text>
        </View>
      </View>
    </View>
  </View>
</RCTSafeAreaView>
`;
